Microchip MPLAB XC8 Compiler V2.40

Linker command line:

-W-3 --edf=/Applications/microchip/xc8/v2.40/pic/dat/20220703182018_en.msgs \
  -cn -h+dist/default/production/inLab03.X.production.sym \
  --cmf=dist/default/production/inLab03.X.production.cmf -z -Q18F25K22 \
  -o/tmp/xcERsfCud --defsym=__MPLAB_BUILD=1 --fixupoverflow=error \
  -Mdist/default/production/inLab03.X.production.map \
  --md=/tmp/xcchta7Od.dat -E1 -ver=XC8 Compiler --acfsm=1493 \
  -ACODE=00h-07FFFh -ACONST=00h-07FFFh -ASMALLCONST=0600h-06FFhx122 \
  -AMEDIUMCONST=0600h-07FFFh -ACOMRAM=01h-05Fh -AABS1=00h-05FFh \
  -ABIGRAM=01h-05FFh -ARAM=060h-0FFh,0100h-01FFhx5 -ABANK0=060h-0FFh \
  -ABANK1=0100h-01FFh -ABANK2=0200h-02FFh -ABANK3=0300h-03FFh \
  -ABANK4=0400h-04FFh -ABANK5=0500h-05FFh -ASFR=0F38h-0F5Fh,0F60h-0FFFh \
  -ABIGSFR=0F38h-0FFFh -ACONFIG=0300000h-030000Dh -AIDLOC=0200000h-0200007h \
  -AEEDATA=0F00000h-0F000FFh -peeprom_data=EEDATA \
  -preset_vec=00h,intcode,intcodelo,powerup,init -pramtop=0600h \
  -psmallconst=SMALLCONST -pmediumconst=MEDIUMCONST -pconst=CONST \
  -AFARRAM=00h-00h \
  -prdata=COMRAM,nvrram=COMRAM,nvbit=COMRAM,rbss=COMRAM,rbit=COMRAM \
  -pfarbss=FARRAM,fardata=FARRAM,nvFARRAM=FARRAM \
  -pintsave_regs=BIGRAM,bigbss=BIGRAM,bigdata=BIGRAM -pbss=RAM \
  -pidata=CODE,irdata=CODE,ibigdata=CODE,ifardata=CODE -prparam=COMRAM \
  /tmp/xcBJ7uyQF.o dist/default/production/inLab03.X.production.o 

Object code version is 3.11

Machine type is 18F25K22



                Name                               Link     Load   Length Selector   Space Scale
/tmp/xcBJ7uyQF.o
                idloc                            200000   200000        8        0       5
                config                           300000   300000        E        0       4
                init                                  0        0        4        0       0
dist/default/production/inLab03.X.production.o
                idloc                            200000   200000        8        0       5
                config                           300000   300000        E        0       4
                text9                              7B3A     7B3A       1C     3D9D       0
                text8                              7BC0     7BC0       2A     3DE0       0
                text7                              7B72     7B72       26     3DB9       0
                text6                              7B56     7B56       1C     3DAB       0
                text5                              7B00     7B00       12     3D80       0
                text4                              7B12     7B12       14     3D89       0
                text3                              7AF6     7AF6        A     3D7B       0
                text2                              7B26     7B26       14     3D93       0
                text1                              7B98     7B98       28     3DCC       0
                text0                              7E52     7E52      1AE     3F29       0
                cstackCOMRAM                          1        1       39        1       1
                cstackBANK0                          60       60       6A       60       1
                cstackBANK1                         100      100       D4      100       1
                cstackBANK2                         26A      26A       6A      200       1
                dataBANK4                           400      400       6A      400       1
                dataBANK3                           300      300       D4      300       1
                dataBANK2                           200      200       6A      200       1
                dataBANK0                            CA       CA       32       60       1
                bssCOMRAM                            3A       3A        4        1       1
                cinit                              7CF0     7CF0       8E     3E78       0
                idataBANK4                         7C1C     7C1C       6A     7C1C       0
                idataBANK3                         7D7E     7D7E       D4     7D7E       0
                idataBANK2                         7C86     7C86       6A     7C86       0
                idataBANK0                         7BEA     7BEA       32     7BEA       0

TOTAL           Name                               Link     Load   Length     Space
        CLASS   CODE           
                init                                  0        0        4         0
                text9                              7B3A     7B3A       1C         0
                text8                              7BC0     7BC0       2A         0
                text7                              7B72     7B72       26         0
                text6                              7B56     7B56       1C         0
                text5                              7B00     7B00       12         0
                text4                              7B12     7B12       14         0
                text3                              7AF6     7AF6        A         0
                text2                              7B26     7B26       14         0
                text1                              7B98     7B98       28         0
                text0                              7E52     7E52      1AE         0
                cinit                              7CF0     7CF0       8E         0
                idataBANK4                         7C1C     7C1C       6A         0
                idataBANK3                         7D7E     7D7E       D4         0
                idataBANK2                         7C86     7C86       6A         0
                idataBANK0                         7BEA     7BEA       32         0

        CLASS   CONST          

        CLASS   SMALLCONST     

        CLASS   MEDIUMCONST    

        CLASS   COMRAM         
                cstackCOMRAM                          1        1       39         1
                bssCOMRAM                            3A       3A        4         1

        CLASS   ABS1           

        CLASS   BIGRAM         

        CLASS   RAM            

        CLASS   BANK0          
                cstackBANK0                          60       60       6A         1
                dataBANK0                            CA       CA       32         1

        CLASS   BANK1          
                cstackBANK1                         100      100       D4         1

        CLASS   BANK2          
                cstackBANK2                         26A      26A       6A         1
                dataBANK2                           200      200       6A         1

        CLASS   BANK3          
                dataBANK3                           300      300       D4         1

        CLASS   BANK4          
                dataBANK4                           400      400       6A         1

        CLASS   BANK5          

        CLASS   SFR            

        CLASS   BIGSFR         

        CLASS   CONFIG         
                config                           300000   300000        E         4

        CLASS   IDLOC          
                idloc                            200000   200000        8         5

        CLASS   EEDATA         

        CLASS   FARRAM         

        CLASS   HEAP           

        CLASS   STACK          



SEGMENTS        Name                           Load    Length   Top    Selector   Space  Class

                cinit                          007CF0  00008E  007D7E      3E78       0  CODE    
                idataBANK3                     007D7E  0000D4  007E52      7D7E       0  CODE    
                idataBANK2                     007C86  00006A  007CF0      7C86       0  CODE    
                text0                          007E52  0001AE  008000      3F29       0  CODE    
                idataBANK4                     007C1C  00006A  007C86      7C1C       0  CODE    
                text2                          007B26  000014  007B3A      3D93       0  CODE    
                text9                          007B3A  00001C  007B56      3D9D       0  CODE    
                text4                          007B12  000014  007B26      3D89       0  CODE    
                text3                          007AF6  00000A  007B00      3D7B       0  CODE    
                text5                          007B00  000012  007B12      3D80       0  CODE    
                text8                          007BC0  00002A  007BEA      3DE0       0  CODE    
                idataBANK0                     007BEA  000032  007C1C      7BEA       0  CODE    
                text1                          007B98  000028  007BC0      3DCC       0  CODE    
                text6                          007B56  00001C  007B72      3DAB       0  CODE    
                text7                          007B72  000026  007B98      3DB9       0  CODE    
                dataBANK4                      000400  00006A  00046A       400       1  BANK4   
                reset_vec                      000000  000004  000004         0       0  CODE    
                cstackBANK1                    000100  0000D4  0001D4       100       1  BANK1   
                dataBANK3                      000300  0000D4  0003D4       300       1  BANK3   
                dataBANK2                      000200  0000D4  0002D4       200       1  BANK2   
                cstackBANK0                    000060  00009C  0000FC        60       1  BANK0   
                cstackCOMRAM                   000001  00003D  00003E         1       1  COMRAM  


UNUSED ADDRESS RANGES

        Name                Unused          Largest block    Delta
        BANK0            0000FC-0000FF                4
        BANK1            0001D4-0001FF               2C
        BANK2            0002D4-0002FF               2C
        BANK3            0003D4-0003FF               2C
        BANK4            00046A-0004FF               96
        BANK5            000500-0005FF              100
        BIGRAM           00003E-00005F               22
                         0000FC-0000FF                4
                         0001D4-0001FF               2C
                         0002D4-0002FF               2C
                         0003D4-0003FF               2C
                         00046A-0005FF              196
        BIGSFR           000F38-000FFF               C8
        CODE             000004-007AF5             7AF2
        COMRAM           00003E-00005F               22
        CONST            000004-007AF5             7AF2
        EEDATA           F00000-F000FF              100
        MEDIUMCONST      000600-007AF5             74F6
        RAM              0000FC-0000FF                4
                         0001D4-0001FF               2C
                         0002D4-0002FF               2C
                         0003D4-0003FF               2C
                         00046A-0005FF               96
        SFR              000F38-000FFF               28
        SMALLCONST       000600-007AF5              100

                                  Symbol Table

TMR0_WriteTimer@timerVal         cstackCOMRAM 000001
TMR1_WriteTimer@timerVal         cstackCOMRAM 000001
_ANSELA                          (abs)        000F38
_ANSELB                          (abs)        000F39
_ANSELC                          (abs)        000F3A
_INTCON2bits                     (abs)        000FF1
_INTCONbits                      (abs)        000FF2
_LATA                            (abs)        000F89
_LATB                            (abs)        000F8A
_LATBbits                        (abs)        000F8A
_LATC                            (abs)        000F8B
_OSCCON                          (abs)        000FD3
_OSCCON2                         (abs)        000FD2
_OSCILLATOR_Initialize           text9        007B3A
_OSCTUNE                         (abs)        000F9B
_PIN_MANAGER_Initialize          text8        007BC0
_PIR1bits                        (abs)        000F9E
_PLLRDY                          (abs)        007E97
_PORTAbits                       (abs)        000F80
_SYSTEM_Initialize               text5        007B00
_T0CON                           (abs)        000FD5
_T0CONbits                       (abs)        000FD5
_T1CON                           (abs)        000FCD
_T1CONbits                       (abs)        000FCD
_T1GCON                          (abs)        000FCC
_T1GCONbits                      (abs)        000FCC
_TMR0H                           (abs)        000FD7
_TMR0L                           (abs)        000FD6
_TMR0_HasOverflowOccured         text4        007B12
_TMR0_Initialize                 text7        007B72
_TMR0_WriteTimer                 text3        007AF6
_TMR1                            (abs)        000FCE
_TMR1H                           (abs)        000FCF
_TMR1L                           (abs)        000FCE
_TMR1_HasOverflowOccured         text2        007B26
_TMR1_Initialize                 text6        007B56
_TMR1_WriteTimer                 text1        007B98
_TRISA                           (abs)        000F92
_TRISB                           (abs)        000F93
_TRISC                           (abs)        000F94
_WPUB                            (abs)        000F61
__HRAM                           (abs)        000000
__Habs1                          abs1         000000
__Hbank0                         bank0        000000
__Hbank1                         bank1        000000
__Hbank2                         bank2        000000
__Hbank3                         bank3        000000
__Hbank4                         bank4        000000
__Hbank5                         bank5        000000
__Hbigbss                        bigbss       000000
__Hbigdata                       bigdata      000000
__Hbigram                        bigram       000000
__Hbigsfr                        bigsfr       000000
__Hbss                           bss          000000
__HbssCOMRAM                     bssCOMRAM    000000
__Hcinit                         cinit        000000
__Hclrtext                       clrtext      000000
__Hcomram                        comram       000000
__Hconfig                        config       30000E
__Hconst                         const        000000
__HcstackBANK0                   cstackBANK0  000000
__HcstackBANK1                   cstackBANK1  000000
__HcstackBANK2                   cstackBANK2  000000
__HcstackCOMRAM                  cstackCOMRAM 000000
__Hdata                          data         000000
__HdataBANK0                     dataBANK0    000000
__HdataBANK2                     dataBANK2    000000
__HdataBANK3                     dataBANK3    000000
__HdataBANK4                     dataBANK4    000000
__Heeprom_data                   eeprom_data  000000
__Hfarbss                        farbss       000000
__Hfardata                       fardata      000000
__Hheap                          heap         000000
__Hibigdata                      ibigdata     000000
__Hidata                         idata        000000
__HidataBANK0                    idataBANK0   000000
__HidataBANK2                    idataBANK2   000000
__HidataBANK3                    idataBANK3   000000
__HidataBANK4                    idataBANK4   000000
__Hidloc                         idloc        200008
__Hifardata                      ifardata     000000
__Hinit                          init         000004
__Hintcode                       intcode      000000
__Hintcode_body                  intcode_body 000000
__Hintcodelo                     intcodelo    000000
__Hintentry                      intentry     000000
__Hintret                        intret       000000
__Hintsave_regs                  intsave_regs 000000
__Hirdata                        irdata       000000
__Hmediumconst                   mediumconst  000000
__HnvFARRAM                      nvFARRAM     000000
__Hnvbit                         nvbit        000000
__Hnvrram                        nvrram       000000
__Hparam                         rparam       000000
__Hpowerup                       powerup      000000
__Hram                           ram          000000
__Hramtop                        ramtop       000600
__Hrbit                          rbit         000000
__Hrbss                          rbss         000000
__Hrdata                         rdata        000000
__Hreset_vec                     reset_vec    000000
__Hrparam                        rparam       000000
__Hsfr                           sfr          000000
__Hsmallconst                    smallconst   000000
__Hspace_0                       (abs)        008000
__Hspace_1                       (abs)        00046A
__Hspace_2                       (abs)        000000
__Hspace_4                       (abs)        60000E
__Hstack                         stack        000000
__Hstruct                        struct       000000
__Htemp                          temp         000000
__Htext                          text         000000
__Htext0                         text0        000000
__Htext1                         text1        000000
__Htext2                         text2        000000
__Htext3                         text3        000000
__Htext4                         text4        000000
__Htext5                         text5        000000
__Htext6                         text6        000000
__Htext7                         text7        000000
__Htext8                         text8        000000
__Htext9                         text9        000000
__LRAM                           (abs)        000001
__Labs1                          abs1         000000
__Lbank0                         bank0        000000
__Lbank1                         bank1        000000
__Lbank2                         bank2        000000
__Lbank3                         bank3        000000
__Lbank4                         bank4        000000
__Lbank5                         bank5        000000
__Lbigbss                        bigbss       000000
__Lbigdata                       bigdata      000000
__Lbigram                        bigram       000000
__Lbigsfr                        bigsfr       000000
__Lbss                           bss          000000
__LbssCOMRAM                     bssCOMRAM    000000
__Lcinit                         cinit        000000
__Lclrtext                       clrtext      000000
__Lcomram                        comram       000000
__Lconfig                        config       000000
__Lconst                         const        000000
__LcstackBANK0                   cstackBANK0  000000
__LcstackBANK1                   cstackBANK1  000000
__LcstackBANK2                   cstackBANK2  000000
__LcstackCOMRAM                  cstackCOMRAM 000000
__Ldata                          data         000000
__LdataBANK0                     dataBANK0    000000
__LdataBANK2                     dataBANK2    000000
__LdataBANK3                     dataBANK3    000000
__LdataBANK4                     dataBANK4    000000
__Leeprom_data                   eeprom_data  000000
__Lfarbss                        farbss       000000
__Lfardata                       fardata      000000
__Lheap                          heap         000000
__Libigdata                      ibigdata     000000
__Lidata                         idata        000000
__LidataBANK0                    idataBANK0   000000
__LidataBANK2                    idataBANK2   000000
__LidataBANK3                    idataBANK3   000000
__LidataBANK4                    idataBANK4   000000
__Lidloc                         idloc        000000
__Lifardata                      ifardata     000000
__Linit                          init         000000
__Lintcode                       intcode      000000
__Lintcode_body                  intcode_body 000000
__Lintcodelo                     intcodelo    000000
__Lintentry                      intentry     000000
__Lintret                        intret       000000
__Lintsave_regs                  intsave_regs 000000
__Lirdata                        irdata       000000
__Lmediumconst                   mediumconst  000000
__LnvFARRAM                      nvFARRAM     000000
__Lnvbit                         nvbit        000000
__Lnvrram                        nvrram       000000
__Lparam                         rparam       000000
__Lpowerup                       powerup      000000
__Lram                           ram          000000
__Lramtop                        ramtop       000600
__Lrbit                          rbit         000000
__Lrbss                          rbss         000000
__Lrdata                         rdata        000000
__Lreset_vec                     reset_vec    000000
__Lrparam                        rparam       000000
__Lsfr                           sfr          000000
__Lsmallconst                    smallconst   000000
__Lspace_0                       (abs)        000000
__Lspace_1                       (abs)        000000
__Lspace_2                       (abs)        000000
__Lspace_4                       (abs)        000000
__Lstack                         stack        000000
__Lstruct                        struct       000000
__Ltemp                          temp         000000
__Ltext                          text         000000
__Ltext0                         text0        000000
__Ltext1                         text1        000000
__Ltext2                         text2        000000
__Ltext3                         text3        000000
__Ltext4                         text4        000000
__Ltext5                         text5        000000
__Ltext6                         text6        000000
__Ltext7                         text7        000000
__Ltext8                         text8        000000
__Ltext9                         text9        000000
__S0                             (abs)        008000
__S1                             (abs)        00046A
__S4                             (abs)        000000
__S5                             (abs)        000000
___heap_hi                       (abs)        000000
___heap_lo                       (abs)        000000
___inthi_sp                      stack        000000
___intlo_sp                      stack        000000
___param_bank                    (abs)        000000
___rparam_used                   (abs)        000001
___sp                            stack        000000
__accesstop                      (abs)        000060
__activetblptr                   (abs)        000000
__end_of_OSCILLATOR_Initialize   text9        007B56
__end_of_PIN_MANAGER_Initialize  text8        007BEA
__end_of_SYSTEM_Initialize       text5        007B12
__end_of_TMR0_HasOverflowOccured text4        007B26
__end_of_TMR0_Initialize         text7        007B98
__end_of_TMR0_WriteTimer         text3        007B00
__end_of_TMR1_HasOverflowOccured text2        007B3A
__end_of_TMR1_Initialize         text6        007B72
__end_of_TMR1_WriteTimer         text1        007BC0
__end_of__initialization         cinit        007D78
__end_of_main                    text0        008000
__initialization                 cinit        007CF0
__mediumconst                    mediumconst  000000
__pbssCOMRAM                     bssCOMRAM    00003A
__pcinit                         cinit        007CF0
__pcstackBANK0                   cstackBANK0  000060
__pcstackBANK1                   cstackBANK1  000100
__pcstackBANK2                   cstackBANK2  00026A
__pcstackCOMRAM                  cstackCOMRAM 000001
__pdataBANK0                     dataBANK0    0000CA
__pdataBANK2                     dataBANK2    000200
__pdataBANK3                     dataBANK3    000300
__pdataBANK4                     dataBANK4    000400
__pidataBANK0                    idataBANK0   007BEA
__pidataBANK2                    idataBANK2   007C86
__pidataBANK3                    idataBANK3   007D7E
__pidataBANK4                    idataBANK4   007C1C
__ptext0                         text0        007E52
__ptext1                         text1        007B98
__ptext2                         text2        007B26
__ptext3                         text3        007AF6
__ptext4                         text4        007B12
__ptext5                         text5        007B00
__ptext6                         text6        007B56
__ptext7                         text7        007B72
__ptext8                         text8        007BC0
__ptext9                         text9        007B3A
__ramtop                         ramtop       000600
__smallconst                     smallconst   000000
_main                            text0        007E52
_timer0ReloadVal                 bssCOMRAM    00003A
_timer1ReloadVal                 bssCOMRAM    00003C
end_of_initialization            cinit        007D78
intlevel0                        text         000000
intlevel1                        text         000000
intlevel2                        text         000000
intlevel3                        text         000000
isa$std                          (abs)        000001
isa$xinst                        (abs)        000000
main@F6089                       dataBANK2    000200
main@F6091                       dataBANK3    00036A
main@F6094                       dataBANK0    0000CA
main@F6096                       dataBANK3    000300
main@F6098                       dataBANK4    000400
main@duration                    cstackBANK1  00016A
main@halfPeriodDelay             cstackBANK0  000060
main@halfPeriodTimer             cstackBANK1  000100
main@i                           cstackCOMRAM 000039
main@notes                       cstackBANK2  00026A
main@scale                       cstackCOMRAM 000007
stackhi                          (abs)        000000
stacklo                          (abs)        000000
start                            init         000000
start_initialization             cinit        007CF0


MODULE INFORMATION

Module		Function		Class		Link	Load	Size
mcc_generated_files/tmr0.c
		_TMR0_WriteTimer		CODE           	7AF6	0000	10
		_TMR0_HasOverflowOccured		CODE           	7B12	0000	20
		_TMR0_Initialize		CODE           	7B72	0000	38

mcc_generated_files/tmr0.c estimated size: 68

mcc_generated_files/pin_manager.c
		_PIN_MANAGER_Initialize		CODE           	7BC0	0000	42

mcc_generated_files/pin_manager.c estimated size: 42

shared
		__initialization		CODE           	7CF0	0000	136

shared estimated size: 136

mcc_generated_files/mcc.c
		_OSCILLATOR_Initialize		CODE           	7B3A	0000	28
		_SYSTEM_Initialize		CODE           	7B00	0000	18

mcc_generated_files/mcc.c estimated size: 46

mcc_generated_files/tmr1.c
		_TMR1_Initialize		CODE           	7B56	0000	28
		_TMR1_WriteTimer		CODE           	7B98	0000	40
		_TMR1_HasOverflowOccured		CODE           	7B26	0000	20

mcc_generated_files/tmr1.c estimated size: 88

main.c
		_main          		CODE           	7E52	0000	430

main.c estimated size: 430

